
> bus_app@0.1.0 start
> react-scripts start

node.exe : (node:17664) [DEP_WEBPACK_DEV_SERVER_ON_AFTER_SETUP_MIDDLEWARE] DeprecationWarning: 'onAfterSetupMiddleware' option is 
deprecated. Please use the 'setupMiddlewares' option.
At line:1 char:1
+ & "D:\nodejs/node.exe" "D:\nodejs/node_modules/npm/bin/npm-cli.js" st ...
+ ~~~~~~~~~~~~~~~~~~~~~~~~~~~~~~~~~~~~~~~~~~~~~~~~~~~~~~~~~~~~~~~~~~~~~
    + CategoryInfo          : NotSpecified: ((node:17664) [D...ewares' option.:String) [], RemoteException
    + FullyQualifiedErrorId : NativeCommandError
 
(Use `node --trace-deprecation ...` to show where the warning was created)
(node:17664) [DEP_WEBPACK_DEV_SERVER_ON_BEFORE_SETUP_MIDDLEWARE] DeprecationWarning: 'onBeforeSetupMiddleware' option is deprecated. 
Please use the 'setupMiddlewares' option.
Starting the development server...

Compiled with warnings.

[eslint] 
src\App.js
  Line 5:8:     'Login' is defined but never used          no-unused-vars
  Line 127:10:  'user' is assigned a value but never used  no-unused-vars

src\components\admin\Tracking.js
  Line 1:27:  'useEffect' is defined but never used                   no-unused-vars
  Line 64:9:  'tinhVanTocMetGiay' is assigned a value but never used  no-unused-vars

src\components\admin\api\GoongClient.jsx
  Line 3:10:  'useEffect' is defined but never used  no-unused-vars

src\components\admin\components\MapComponent.jsx
  Line 1:28:   'useRef' is defined but never used                                                                                                        no-unused-vars
  Line 62:10:  'selectedPoint' is assigned a value but never used                                                                                        no-unused-vars
  Line 71:9:   'routePairs' is assigned a value but never used                                                                                           no-unused-vars
  Line 93:6:   React Hook useEffect has a missing dependency: 'positionCurrent.start'. Either include it or remove the dependency array                  react-hooks/exhaustive-deps
  Line 103:5:  React Hook useEffect has a missing dependency: 'positionCurrent.end'. Either include it or remove the dependency array                    react-hooks/exhaustive-deps
  Line 115:6:  React Hook useEffect has a missing dependency: 'validStops'. Either include it or remove the dependency array                             react-hooks/exhaustive-deps
  Line 115:7:  React Hook useEffect has a complex expression in the dependency array. Extract it to a separate variable so it can be statically checked  react-hooks/exhaustive-deps
  Line 116:7:  React Hook useEffect has a complex expression in the dependency array. Extract it to a separate variable so it can be statically checked  react-hooks/exhaustive-deps

src\components\admin\components\MapHandle\SearchSuggestAddress.jsx
  Line 1:27:  'useEffect' is defined but never used       no-unused-vars
  Line 3:8:   'GoongMapReact' is defined but never used   no-unused-vars
  Line 5:8:   'PointLocation' is defined but never used   no-unused-vars
  Line 7:5:   'count' is assigned a value but never used  no-unused-vars

src\components\admin\components\MapTracking\MapComponent.js
  Line 10:23:  'capNhatThongTinTuyen' is defined but never used                                                                no-unused-vars
  Line 95:6:   React Hook useEffect has a missing dependency: 'searchQuery'. Either include it or remove the dependency array  react-hooks/exhaustive-deps

src\components\admin\components\MapTracking\handleAnimation.js
  Line 228:11:  'tongS' is assigned a value but never used  no-unused-vars

src\components\admin\components\MapTracking\handleRouteCalculation.js
  Line 3:21:  'parseDateTime' is defined but never used  no-unused-vars

src\components\admin\components\MapTracking\handleSearch.js
  Line 2:10:  'capNhatTrangThaiTram' is defined but never used  no-unused-vars

src\components\admin\frontend\QuanLyXeBuyt.js
  Line 86:9:  'handleEdit' is assigned a value but never used  no-unused-vars

src\components\admin\frontend\ThongBao.js
  Line 11:12:  'viewingNotice' is assigned a value but never used  no-unused-vars

src\components\admin\frontend\components\ScheduleCalendarPopup.js
  Line 5:15:  'isSameWeek' is defined but never used  no-unused-vars

src\components\admin\models\Route.js
  Line 1:17:  'useState' is defined but never used  no-unused-vars

src\components\admin\pages\maincontent\Route_management\RouteManagementPage.jsx
  Line 5:10:  'Time' is defined but never used  no-unused-vars

src\components\admin\pages\maincontent\Route_management\component\AddRoute.jsx
  Line 5:8:  'StyleMain' is defined but never used  no-unused-vars
  Line 8:9:  'Stop' is defined but never used       no-unused-vars

src\components\admin\pages\maincontent\Student_management\StudentManagementPage.jsx
  Line 6:10:    'Student' is defined but never used                                                  no-unused-vars
  Line 124:16:  Imported JSX component Detail_Student must be in PascalCase or SCREAMING_SNAKE_CASE  react/jsx-pascal-case

src\components\drivermap.jsx
  Line 13:8:    'imgEllipse2' is defined but never used                                                                                                                           no-unused-vars
  Line 14:8:    'imgVector' is defined but never used                                                                                                                             no-unused-vars
  Line 16:8:    'imgVector3' is defined but never used                                                                                                                            no-unused-vars
  Line 98:27:   'setCurrentPosition' is assigned a value but never used                                                                                                           no-unused-vars
  Line 105:10:  'studentsByStop' is assigned a value but never used                                                                                                               no-unused-vars
  Line 110:10:  'isSimulating' is assigned a value but never used                                                                                                                 no-unused-vars
  Line 111:10:  'currentStopIndex' is assigned a value but never used                                                                                                             no-unused-vars
  Line 112:10:  'waitingAtStop' is assigned a value but never used                                                                                                                no-unused-vars
  Line 890:6:   React Hook useEffect has missing dependencies: 'continueSimulationFromStop' and 'startCheckingStudentStatus'. Either include them or remove the dependency array  react-hooks/exhaustive-deps

src\components\list.jsx
  Line 17:10:  'selectedGender' is assigned a value but never used                                                               no-unused-vars
  Line 17:26:  'setSelectedGender' is assigned a value but never used                                                            no-unused-vars
  Line 38:6:   React Hook useEffect has a missing dependency: 'fetchStudents'. Either include it or remove the dependency array  react-hooks/exhaustive-deps
  Line 92:9:   'calculateAge' is assigned a value but never used                                                                 no-unused-vars
  Line 163:9:  'handleStudentPickup' is assigned a value but never used                                                          no-unused-vars

src\components\mainpage.jsx
  Line 3:8:    'L' is defined but never used                      no-unused-vars
  Line 19:10:  'loading' is assigned a value but never used       no-unused-vars
  Line 113:9:  'mapContainer' is assigned a value but never used  no-unused-vars
  Line 114:9:  'mapInstance' is assigned a value but never used   no-unused-vars

src\components\noti.jsx
  Line 5:55:  'deleteAllReadNotifications' is defined but never used  no-unused-vars

src\components\profile.jsx
  Line 6:8:  'imgGroup104' is defined but never used  no-unused-vars

src\components\schedule.jsx
  Line 14:8:  'imgStar1' is defined but never used                                                                         no-unused-vars
  Line 38:6:  React Hook useEffect has a missing dependency: 'loadData'. Either include it or remove the dependency array  react-hooks/exhaustive-deps
  Line 75:6:  React Hook useEffect has a missing dependency: 'loadData'. Either include it or remove the dependency array  react-hooks/exhaustive-deps

src\services\api.js
  Line 25:1:  Assign object to a variable before exporting as module default  import/no-anonymous-default-export

Search for the keywords to learn more about each warning.
To ignore, add // eslint-disable-next-line to the line before.

[1m[33mWARNING[39m[22m in [1m[eslint] 
src\App.js
  Line 5:8:     'Login' is defined but never used          no-unused-vars
  Line 127:10:  'user' is assigned a value but never used  no-unused-vars

src\components\admin\Tracking.js
  Line 1:27:  'useEffect' is defined but never used                   no-unused-vars
  Line 64:9:  'tinhVanTocMetGiay' is assigned a value but never used  no-unused-vars

src\components\admin\api\GoongClient.jsx
  Line 3:10:  'useEffect' is defined but never used  no-unused-vars

src\components\admin\components\MapComponent.jsx
  Line 1:28:   'useRef' is defined but never used                                                                                                        no-unused-vars
  Line 62:10:  'selectedPoint' is assigned a value but never used                                                                                        no-unused-vars
  Line 71:9:   'routePairs' is assigned a value but never used                                                                                           no-unused-vars
  Line 93:6:   React Hook useEffect has a missing dependency: 'positionCurrent.start'. Either include it or remove the dependency array                  react-hooks/exhaustive-deps
  Line 103:5:  React Hook useEffect has a missing dependency: 'positionCurrent.end'. Either include it or remove the dependency array                    react-hooks/exhaustive-deps
  Line 115:6:  React Hook useEffect has a missing dependency: 'validStops'. Either include it or remove the dependency array                             react-hooks/exhaustive-deps
  Line 115:7:  React Hook useEffect has a complex expression in the dependency array. Extract it to a separate variable so it can be statically checked  react-hooks/exhaustive-deps
  Line 116:7:  React Hook useEffect has a complex expression in the dependency array. Extract it to a separate variable so it can be statically checked  react-hooks/exhaustive-deps

src\components\admin\components\MapHandle\SearchSuggestAddress.jsx
  Line 1:27:  'useEffect' is defined but never used       no-unused-vars
  Line 3:8:   'GoongMapReact' is defined but never used   no-unused-vars
  Line 5:8:   'PointLocation' is defined but never used   no-unused-vars
  Line 7:5:   'count' is assigned a value but never used  no-unused-vars

src\components\admin\components\MapTracking\MapComponent.js
  Line 10:23:  'capNhatThongTinTuyen' is defined but never used                                                                no-unused-vars
  Line 95:6:   React Hook useEffect has a missing dependency: 'searchQuery'. Either include it or remove the dependency array  react-hooks/exhaustive-deps

src\components\admin\components\MapTracking\handleAnimation.js
  Line 228:11:  'tongS' is assigned a value but never used  no-unused-vars

src\components\admin\components\MapTracking\handleRouteCalculation.js
  Line 3:21:  'parseDateTime' is defined but never used  no-unused-vars

src\components\admin\components\MapTracking\handleSearch.js
  Line 2:10:  'capNhatTrangThaiTram' is defined but never used  no-unused-vars

src\components\admin\frontend\QuanLyXeBuyt.js
  Line 86:9:  'handleEdit' is assigned a value but never used  no-unused-vars

src\components\admin\frontend\ThongBao.js
  Line 11:12:  'viewingNotice' is assigned a value but never used  no-unused-vars

src\components\admin\frontend\components\ScheduleCalendarPopup.js
  Line 5:15:  'isSameWeek' is defined but never used  no-unused-vars

src\components\admin\models\Route.js
  Line 1:17:  'useState' is defined but never used  no-unused-vars

src\components\admin\pages\maincontent\Route_management\RouteManagementPage.jsx
  Line 5:10:  'Time' is defined but never used  no-unused-vars

src\components\admin\pages\maincontent\Route_management\component\AddRoute.jsx
  Line 5:8:  'StyleMain' is defined but never used  no-unused-vars
  Line 8:9:  'Stop' is defined but never used       no-unused-vars

src\components\admin\pages\maincontent\Student_management\StudentManagementPage.jsx
  Line 6:10:    'Student' is defined but never used                                                  no-unused-vars
  Line 124:16:  Imported JSX component Detail_Student [1m[33mmust[39m[22m[1m be in PascalCase or SCREAMING_SNAKE_CASE  react/jsx-pascal-case

src\components\drivermap.jsx
  Line 13:8:    'imgEllipse2' is defined but never used                                                                                                                           no-unused-vars
  Line 14:8:    'imgVector' is defined but never used                                                                                                                             no-unused-vars
  Line 16:8:    'imgVector3' is defined but never used                                                                                                                            no-unused-vars
  Line 98:27:   'setCurrentPosition' is assigned a value but never used                                                                                                           no-unused-vars
  Line 105:10:  'studentsByStop' is assigned a value but never used                                                                                                               no-unused-vars
  Line 110:10:  'isSimulating' is assigned a value but never used                                                                                                                 no-unused-vars
  Line 111:10:  'currentStopIndex' is assigned a value but never used                                                                                                             no-unused-vars
  Line 112:10:  'waitingAtStop' is assigned a value but never used                                                                                                                no-unused-vars
  Line 890:6:   React Hook useEffect has missing dependencies: 'continueSimulationFromStop' and 'startCheckingStudentStatus'. Either include them or remove the dependency array  react-hooks/exhaustive-deps

src\components\list.jsx
  Line 17:10:  'selectedGender' is assigned a value but never used                                                               no-unused-vars
  Line 17:26:  'setSelectedGender' is assigned a value but never used                                                            no-unused-vars
  Line 38:6:   React Hook useEffect has a missing dependency: 'fetchStudents'. Either include it or remove the dependency array  react-hooks/exhaustive-deps
  Line 92:9:   'calculateAge' is assigned a value but never used                                                                 no-unused-vars
  Line 163:9:  'handleStudentPickup' is assigned a value but never used                                                          no-unused-vars

src\components\mainpage.jsx
  Line 3:8:    'L' is defined but never used                      no-unused-vars
  Line 19:10:  'loading' is assigned a value but never used       no-unused-vars
  Line 113:9:  'mapContainer' is assigned a value but never used  no-unused-vars
  Line 114:9:  'mapInstance' is assigned a value but never used   no-unused-vars

src\components\noti.jsx
  Line 5:55:  'deleteAllReadNotifications' is defined but never used  no-unused-vars

src\components\profile.jsx
  Line 6:8:  'imgGroup104' is defined but never used  no-unused-vars

src\components\schedule.jsx
  Line 14:8:  'imgStar1' is defined but never used                                                                         no-unused-vars
  Line 38:6:  React Hook useEffect has a missing dependency: 'loadData'. Either include it or remove the dependency array  react-hooks/exhaustive-deps
  Line 75:6:  React Hook useEffect has a missing dependency: 'loadData'. Either include it or remove the dependency array  react-hooks/exhaustive-deps

src\services\api.js
  Line 25:1:  Assign object to a variable before exporting as module default  import/no-anonymous-default-export

[39m[22m

webpack compiled with [1m[33m1 warning[39m[22m
